// Jest Snapshot v1, https://goo.gl/fbAQLP

exports[`<AppHeaderComponent /> renders without crashing 1`] = `
ShallowWrapper {
  "length": 1,
  Symbol(enzyme.__root__): [Circular],
  Symbol(enzyme.__unrendered__): <AppHeaderComponent />,
  Symbol(enzyme.__renderer__): Object {
    "batchedUpdates": [Function],
    "getNode": [Function],
    "render": [Function],
    "simulateEvent": [Function],
    "unmount": [Function],
  },
  Symbol(enzyme.__node__): Object {
    "instance": null,
    "key": undefined,
    "nodeType": "class",
    "props": Object {
      "children": <AppBar
        iconElementRight={
                <FlatButton
                        className="menuButton"
                        disabled={false}
                        fullWidth={false}
                        label="Login"
                        labelPosition="after"
                        labelStyle={Object {}}
                        onKeyboardFocus={[Function]}
                        onMouseEnter={[Function]}
                        onMouseLeave={[Function]}
                        onTouchStart={[Function]}
                        primary={false}
                        secondary={false}
                />
        }
        onRightIconButtonClick={undefined}
        showMenuIconButton={true}
        title="Example login app"
        zDepth={1}
/>,
    },
    "ref": null,
    "rendered": Object {
      "instance": null,
      "key": undefined,
      "nodeType": "class",
      "props": Object {
        "iconElementRight": <FlatButton
          className="menuButton"
          disabled={false}
          fullWidth={false}
          label="Login"
          labelPosition="after"
          labelStyle={Object {}}
          onKeyboardFocus={[Function]}
          onMouseEnter={[Function]}
          onMouseLeave={[Function]}
          onTouchStart={[Function]}
          primary={false}
          secondary={false}
/>,
        "onRightIconButtonClick": undefined,
        "showMenuIconButton": true,
        "title": "Example login app",
        "zDepth": 1,
      },
      "ref": null,
      "rendered": null,
      "type": [Function],
    },
    "type": [Function],
  },
  Symbol(enzyme.__nodes__): Array [
    Object {
      "instance": null,
      "key": undefined,
      "nodeType": "class",
      "props": Object {
        "children": <AppBar
          iconElementRight={
                    <FlatButton
                              className="menuButton"
                              disabled={false}
                              fullWidth={false}
                              label="Login"
                              labelPosition="after"
                              labelStyle={Object {}}
                              onKeyboardFocus={[Function]}
                              onMouseEnter={[Function]}
                              onMouseLeave={[Function]}
                              onTouchStart={[Function]}
                              primary={false}
                              secondary={false}
                    />
          }
          onRightIconButtonClick={undefined}
          showMenuIconButton={true}
          title="Example login app"
          zDepth={1}
/>,
      },
      "ref": null,
      "rendered": Object {
        "instance": null,
        "key": undefined,
        "nodeType": "class",
        "props": Object {
          "iconElementRight": <FlatButton
            className="menuButton"
            disabled={false}
            fullWidth={false}
            label="Login"
            labelPosition="after"
            labelStyle={Object {}}
            onKeyboardFocus={[Function]}
            onMouseEnter={[Function]}
            onMouseLeave={[Function]}
            onTouchStart={[Function]}
            primary={false}
            secondary={false}
/>,
          "onRightIconButtonClick": undefined,
          "showMenuIconButton": true,
          "title": "Example login app",
          "zDepth": 1,
        },
        "ref": null,
        "rendered": null,
        "type": [Function],
      },
      "type": [Function],
    },
  ],
  Symbol(enzyme.__options__): Object {
    "adapter": ReactSixteenAdapter {
      "options": Object {
        "enableComponentDidUpdateOnSetState": true,
      },
    },
  },
}
`;
